// Jest Snapshot v1, https://goo.gl/fbAQLP

exports[`Given that the infrastructure should not change When making changes to the code Then the Cloudformation template should not change (if you meant to, run \`npm run update-snapshot\`) 1`] = `
Object {
  "Description": "Teams On Air: An on-air light for microsoft teams",
  "Mappings": Object {
    "AWSCloudFrontPartitionHostedZoneIdMap": Object {
      "aws": Object {
        "zoneId": "Z2FDTNDATAQYW2",
      },
      "aws-cn": Object {
        "zoneId": "Z3RFFRIM2A3IF5",
      },
    },
  },
  "Outputs": Object {
    "CloudFrontDistribution": Object {
      "Description": "The ID of the cloudfront distribution",
      "Value": Object {
        "Ref": "distributionCFDistribution99A57736",
      },
    },
    "S3Bucket": Object {
      "Description": "The S3 bucket that holds the files for the website",
      "Value": Object {
        "Ref": "s3bucket64CB25AF",
      },
    },
  },
  "Parameters": Object {
    "AssetParameters00f2465b209575c44977ca8ff1c81d86d002849272ede5a8a90ac87dfff1e494ArtifactHashC2E6E6C0": Object {
      "Description": "Artifact hash for asset \\"00f2465b209575c44977ca8ff1c81d86d002849272ede5a8a90ac87dfff1e494\\"",
      "Type": "String",
    },
    "AssetParameters00f2465b209575c44977ca8ff1c81d86d002849272ede5a8a90ac87dfff1e494S3Bucket33B61C3E": Object {
      "Description": "S3 bucket for asset \\"00f2465b209575c44977ca8ff1c81d86d002849272ede5a8a90ac87dfff1e494\\"",
      "Type": "String",
    },
    "AssetParameters00f2465b209575c44977ca8ff1c81d86d002849272ede5a8a90ac87dfff1e494S3VersionKeyDE2514FF": Object {
      "Description": "S3 key for asset version \\"00f2465b209575c44977ca8ff1c81d86d002849272ede5a8a90ac87dfff1e494\\"",
      "Type": "String",
    },
    "AssetParameters67b7823b74bc135986aa72f889d6a8da058d0c4a20cbc2dfc6f78995fdd2fc24ArtifactHashBA91B77F": Object {
      "Description": "Artifact hash for asset \\"67b7823b74bc135986aa72f889d6a8da058d0c4a20cbc2dfc6f78995fdd2fc24\\"",
      "Type": "String",
    },
    "AssetParameters67b7823b74bc135986aa72f889d6a8da058d0c4a20cbc2dfc6f78995fdd2fc24S3Bucket4D46ABB5": Object {
      "Description": "S3 bucket for asset \\"67b7823b74bc135986aa72f889d6a8da058d0c4a20cbc2dfc6f78995fdd2fc24\\"",
      "Type": "String",
    },
    "AssetParameters67b7823b74bc135986aa72f889d6a8da058d0c4a20cbc2dfc6f78995fdd2fc24S3VersionKeyB0F28861": Object {
      "Description": "S3 key for asset version \\"67b7823b74bc135986aa72f889d6a8da058d0c4a20cbc2dfc6f78995fdd2fc24\\"",
      "Type": "String",
    },
    "AssetParametersd2267eec9e49bc4050972c8ea1045293c1761e0c67a98e49b3514f9f92b9e9a9ArtifactHashDFBEAAFC": Object {
      "Description": "Artifact hash for asset \\"d2267eec9e49bc4050972c8ea1045293c1761e0c67a98e49b3514f9f92b9e9a9\\"",
      "Type": "String",
    },
    "AssetParametersd2267eec9e49bc4050972c8ea1045293c1761e0c67a98e49b3514f9f92b9e9a9S3BucketEFE90A0B": Object {
      "Description": "S3 bucket for asset \\"d2267eec9e49bc4050972c8ea1045293c1761e0c67a98e49b3514f9f92b9e9a9\\"",
      "Type": "String",
    },
    "AssetParametersd2267eec9e49bc4050972c8ea1045293c1761e0c67a98e49b3514f9f92b9e9a9S3VersionKeyCD9C652C": Object {
      "Description": "S3 key for asset version \\"d2267eec9e49bc4050972c8ea1045293c1761e0c67a98e49b3514f9f92b9e9a9\\"",
      "Type": "String",
    },
    "branchname": Object {
      "Default": "",
      "Description": "The branch this stack is for - used to create test instances off pull-requests. Needs trailing dot. Leave default for production",
      "Type": "String",
    },
    "ioturl": Object {
      "Default": "a2rtq0babjncfg-ats.iot.us-east-1.amazonaws.com",
      "Description": "The IoT URL for your devices. You can retrieve this from the IoT Console > Settings > Device Data Endpoint",
      "Type": "String",
    },
  },
  "Resources": Object {
    "CustomS3AutoDeleteObjectsCustomResourceProviderHandler9D90184F": Object {
      "DependsOn": Array [
        "CustomS3AutoDeleteObjectsCustomResourceProviderRole3B1BD092",
      ],
      "Properties": Object {
        "Code": Object {
          "S3Bucket": Object {
            "Ref": "AssetParameters00f2465b209575c44977ca8ff1c81d86d002849272ede5a8a90ac87dfff1e494S3Bucket33B61C3E",
          },
          "S3Key": Object {
            "Fn::Join": Array [
              "",
              Array [
                Object {
                  "Fn::Select": Array [
                    0,
                    Object {
                      "Fn::Split": Array [
                        "||",
                        Object {
                          "Ref": "AssetParameters00f2465b209575c44977ca8ff1c81d86d002849272ede5a8a90ac87dfff1e494S3VersionKeyDE2514FF",
                        },
                      ],
                    },
                  ],
                },
                Object {
                  "Fn::Select": Array [
                    1,
                    Object {
                      "Fn::Split": Array [
                        "||",
                        Object {
                          "Ref": "AssetParameters00f2465b209575c44977ca8ff1c81d86d002849272ede5a8a90ac87dfff1e494S3VersionKeyDE2514FF",
                        },
                      ],
                    },
                  ],
                },
              ],
            ],
          },
        },
        "Description": Object {
          "Fn::Join": Array [
            "",
            Array [
              "Lambda function for auto-deleting objects in ",
              Object {
                "Ref": "s3bucket64CB25AF",
              },
              " S3 bucket.",
            ],
          ],
        },
        "Handler": "__entrypoint__.handler",
        "MemorySize": 128,
        "Role": Object {
          "Fn::GetAtt": Array [
            "CustomS3AutoDeleteObjectsCustomResourceProviderRole3B1BD092",
            "Arn",
          ],
        },
        "Runtime": "nodejs12.x",
        "Timeout": 900,
      },
      "Type": "AWS::Lambda::Function",
    },
    "CustomS3AutoDeleteObjectsCustomResourceProviderRole3B1BD092": Object {
      "Properties": Object {
        "AssumeRolePolicyDocument": Object {
          "Statement": Array [
            Object {
              "Action": "sts:AssumeRole",
              "Effect": "Allow",
              "Principal": Object {
                "Service": "lambda.amazonaws.com",
              },
            },
          ],
          "Version": "2012-10-17",
        },
        "ManagedPolicyArns": Array [
          Object {
            "Fn::Sub": "arn:\${AWS::Partition}:iam::aws:policy/service-role/AWSLambdaBasicExecutionRole",
          },
        ],
      },
      "Type": "AWS::IAM::Role",
    },
    "LogRetentionaae0aa3c5b4d4f87b02d85b201efdd8aFD4BFC8A": Object {
      "DependsOn": Array [
        "LogRetentionaae0aa3c5b4d4f87b02d85b201efdd8aServiceRoleDefaultPolicyADDA7DEB",
        "LogRetentionaae0aa3c5b4d4f87b02d85b201efdd8aServiceRole9741ECFB",
      ],
      "Properties": Object {
        "Code": Object {
          "S3Bucket": Object {
            "Ref": "AssetParameters67b7823b74bc135986aa72f889d6a8da058d0c4a20cbc2dfc6f78995fdd2fc24S3Bucket4D46ABB5",
          },
          "S3Key": Object {
            "Fn::Join": Array [
              "",
              Array [
                Object {
                  "Fn::Select": Array [
                    0,
                    Object {
                      "Fn::Split": Array [
                        "||",
                        Object {
                          "Ref": "AssetParameters67b7823b74bc135986aa72f889d6a8da058d0c4a20cbc2dfc6f78995fdd2fc24S3VersionKeyB0F28861",
                        },
                      ],
                    },
                  ],
                },
                Object {
                  "Fn::Select": Array [
                    1,
                    Object {
                      "Fn::Split": Array [
                        "||",
                        Object {
                          "Ref": "AssetParameters67b7823b74bc135986aa72f889d6a8da058d0c4a20cbc2dfc6f78995fdd2fc24S3VersionKeyB0F28861",
                        },
                      ],
                    },
                  ],
                },
              ],
            ],
          },
        },
        "Handler": "index.handler",
        "Role": Object {
          "Fn::GetAtt": Array [
            "LogRetentionaae0aa3c5b4d4f87b02d85b201efdd8aServiceRole9741ECFB",
            "Arn",
          ],
        },
        "Runtime": "nodejs14.x",
      },
      "Type": "AWS::Lambda::Function",
    },
    "LogRetentionaae0aa3c5b4d4f87b02d85b201efdd8aServiceRole9741ECFB": Object {
      "Properties": Object {
        "AssumeRolePolicyDocument": Object {
          "Statement": Array [
            Object {
              "Action": "sts:AssumeRole",
              "Effect": "Allow",
              "Principal": Object {
                "Service": "lambda.amazonaws.com",
              },
            },
          ],
          "Version": "2012-10-17",
        },
        "ManagedPolicyArns": Array [
          Object {
            "Fn::Join": Array [
              "",
              Array [
                "arn:",
                Object {
                  "Ref": "AWS::Partition",
                },
                ":iam::aws:policy/service-role/AWSLambdaBasicExecutionRole",
              ],
            ],
          },
        ],
      },
      "Type": "AWS::IAM::Role",
    },
    "LogRetentionaae0aa3c5b4d4f87b02d85b201efdd8aServiceRoleDefaultPolicyADDA7DEB": Object {
      "Properties": Object {
        "PolicyDocument": Object {
          "Statement": Array [
            Object {
              "Action": Array [
                "logs:PutRetentionPolicy",
                "logs:DeleteRetentionPolicy",
              ],
              "Effect": "Allow",
              "Resource": "*",
            },
          ],
          "Version": "2012-10-17",
        },
        "PolicyName": "LogRetentionaae0aa3c5b4d4f87b02d85b201efdd8aServiceRoleDefaultPolicyADDA7DEB",
        "Roles": Array [
          Object {
            "Ref": "LogRetentionaae0aa3c5b4d4f87b02d85b201efdd8aServiceRole9741ECFB",
          },
        ],
      },
      "Type": "AWS::IAM::Policy",
    },
    "distributionCFDistribution99A57736": Object {
      "Properties": Object {
        "DistributionConfig": Object {
          "Aliases": Array [
            Object {
              "Fn::Join": Array [
                "",
                Array [
                  Object {
                    "Ref": "branchname",
                  },
                  "on-air.cjl.nz",
                ],
              ],
            },
          ],
          "Comment": Object {
            "Fn::Join": Array [
              "",
              Array [
                Object {
                  "Ref": "branchname",
                },
                "on-air.cjl.nz",
              ],
            ],
          },
          "DefaultCacheBehavior": Object {
            "AllowedMethods": Array [
              "GET",
              "HEAD",
            ],
            "CachedMethods": Array [
              "GET",
              "HEAD",
            ],
            "Compress": true,
            "ForwardedValues": Object {
              "Cookies": Object {
                "Forward": "none",
              },
              "QueryString": false,
            },
            "TargetOriginId": "origin1",
            "ViewerProtocolPolicy": "redirect-to-https",
          },
          "DefaultRootObject": "index.html",
          "Enabled": true,
          "HttpVersion": "http2",
          "IPV6Enabled": true,
          "Origins": Array [
            Object {
              "ConnectionAttempts": 3,
              "ConnectionTimeout": 10,
              "DomainName": Object {
                "Fn::GetAtt": Array [
                  "s3bucket64CB25AF",
                  "RegionalDomainName",
                ],
              },
              "Id": "origin1",
              "OriginPath": "/live",
              "S3OriginConfig": Object {
                "OriginAccessIdentity": Object {
                  "Fn::Join": Array [
                    "",
                    Array [
                      "origin-access-identity/cloudfront/",
                      Object {
                        "Ref": "distributionoidB0389903",
                      },
                    ],
                  ],
                },
              },
            },
          ],
          "PriceClass": "PriceClass_100",
          "ViewerCertificate": Object {
            "AcmCertificateArn": Object {
              "Ref": "domaincertificateA050E5BB",
            },
            "SslSupportMethod": "sni-only",
          },
        },
      },
      "Type": "AWS::CloudFront::Distribution",
    },
    "distributionoidB0389903": Object {
      "Properties": Object {
        "CloudFrontOriginAccessIdentityConfig": Object {
          "Comment": Object {
            "Fn::Join": Array [
              "",
              Array [
                Object {
                  "Ref": "branchname",
                },
                "on-air.cjl.nz",
              ],
            ],
          },
        },
      },
      "Type": "AWS::CloudFront::CloudFrontOriginAccessIdentity",
    },
    "dnsrecord0EF63FAD": Object {
      "Properties": Object {
        "AliasTarget": Object {
          "DNSName": Object {
            "Fn::GetAtt": Array [
              "distributionCFDistribution99A57736",
              "DomainName",
            ],
          },
          "HostedZoneId": Object {
            "Fn::FindInMap": Array [
              "AWSCloudFrontPartitionHostedZoneIdMap",
              Object {
                "Ref": "AWS::Partition",
              },
              "zoneId",
            ],
          },
        },
        "Comment": Object {
          "Fn::Join": Array [
            "",
            Array [
              Object {
                "Ref": "branchname",
              },
              "on-air.cjl.nz cloudfront",
            ],
          ],
        },
        "HostedZoneId": "Z0909161DL7J28OF5XCC",
        "Name": Object {
          "Fn::Join": Array [
            "",
            Array [
              Object {
                "Ref": "branchname",
              },
              "on-air.cjl.nz.",
            ],
          ],
        },
        "Type": "A",
      },
      "Type": "AWS::Route53::RecordSet",
    },
    "dnsrecordapi1E3B17DD": Object {
      "Properties": Object {
        "Comment": Object {
          "Fn::Join": Array [
            "",
            Array [
              "api.",
              Object {
                "Ref": "branchname",
              },
              "on-air.cjl.nz API",
            ],
          ],
        },
        "HostedZoneId": "Z0909161DL7J28OF5XCC",
        "Name": Object {
          "Fn::Join": Array [
            "",
            Array [
              "api.",
              Object {
                "Ref": "branchname",
              },
              "on-air.cjl.nz.",
            ],
          ],
        },
        "ResourceRecords": Array [
          "n[TOKEN.288]}",
        ],
        "TTL": "1800",
        "Type": "CNAME",
      },
      "Type": "AWS::Route53::RecordSet",
    },
    "domaincertificateA050E5BB": Object {
      "Properties": Object {
        "DomainName": Object {
          "Fn::Join": Array [
            "",
            Array [
              Object {
                "Ref": "branchname",
              },
              "on-air.cjl.nz",
            ],
          ],
        },
        "DomainValidationOptions": Array [
          Object {
            "DomainName": Object {
              "Fn::Join": Array [
                "",
                Array [
                  Object {
                    "Ref": "branchname",
                  },
                  "on-air.cjl.nz",
                ],
              ],
            },
            "HostedZoneId": "Z0909161DL7J28OF5XCC",
          },
          Object {
            "DomainName": Object {
              "Fn::Join": Array [
                "",
                Array [
                  "api.",
                  Object {
                    "Ref": "branchname",
                  },
                  "on-air.cjl.nz",
                ],
              ],
            },
            "HostedZoneId": "Z0909161DL7J28OF5XCC",
          },
        ],
        "SubjectAlternativeNames": Array [
          Object {
            "Fn::Join": Array [
              "",
              Array [
                "api.",
                Object {
                  "Ref": "branchname",
                },
                "on-air.cjl.nz",
              ],
            ],
          },
        ],
        "ValidationMethod": "DNS",
      },
      "Type": "AWS::CertificateManager::Certificate",
    },
    "iotpolicy": Object {
      "Properties": Object {
        "PolicyDocument": Object {
          "Statement": Array [
            Object {
              "Action": "iot:*",
              "Effect": "Allow",
              "Resource": Array [
                "arn:aws:iot:undefined:undefined:client/OnAir001",
                "arn:aws:iot:undefined:undefined:thing/OnAir001",
                "arn:aws:iot:undefined:undefined:topicfilter/OnAir001/*",
                "arn:aws:iot:undefined:undefined:topicfilter/$aws/things/OnAir001/*",
                "arn:aws:iot:undefined:undefined:topic/$aws/things/OnAir001/*",
              ],
            },
          ],
          "Version": "2012-10-17",
        },
      },
      "Type": "AWS::IoT::Policy",
    },
    "iotthing": Object {
      "Properties": Object {
        "ThingName": "OnAir001",
      },
      "Type": "AWS::IoT::Thing",
    },
    "lambdaiotaccess0E034F66": Object {
      "Properties": Object {
        "PolicyDocument": Object {
          "Statement": Array [
            Object {
              "Action": Array [
                "iot:Publish",
                "iot:Connect",
              ],
              "Effect": "Allow",
              "Resource": Array [
                Object {
                  "Fn::Join": Array [
                    "",
                    Array [
                      "arn:aws:iot:",
                      Object {
                        "Ref": "AWS::Region",
                      },
                      ":undefined:topic/*",
                    ],
                  ],
                },
                "arn:aws:iot:*:116827804402:client/*",
              ],
              "Sid": "PublishOnAllTopics",
            },
          ],
          "Version": "2012-10-17",
        },
        "PolicyName": "Publish-to-AWS-IoT",
        "Roles": Array [
          Object {
            "Ref": "lambdaroleDFE21467",
          },
        ],
      },
      "Type": "AWS::IAM::Policy",
    },
    "lambdaroleDFE21467": Object {
      "Properties": Object {
        "AssumeRolePolicyDocument": Object {
          "Statement": Array [
            Object {
              "Action": "sts:AssumeRole",
              "Effect": "Allow",
              "Principal": Object {
                "Service": "lambda.amazonaws.com",
              },
            },
          ],
          "Version": "2012-10-17",
        },
        "ManagedPolicyArns": Array [
          "arn:aws:iam::aws:policy/service-role/AWSLambdaBasicExecutionRole",
        ],
      },
      "Type": "AWS::IAM::Role",
    },
    "s3bucket64CB25AF": Object {
      "DeletionPolicy": "Delete",
      "Properties": Object {
        "PublicAccessBlockConfiguration": Object {
          "BlockPublicAcls": true,
          "BlockPublicPolicy": true,
          "IgnorePublicAcls": true,
          "RestrictPublicBuckets": true,
        },
      },
      "Type": "AWS::S3::Bucket",
      "UpdateReplacePolicy": "Delete",
    },
    "s3bucketAutoDeleteObjectsCustomResource839C6F53": Object {
      "DeletionPolicy": "Delete",
      "DependsOn": Array [
        "s3bucketPolicyF7E91061",
      ],
      "Properties": Object {
        "BucketName": Object {
          "Ref": "s3bucket64CB25AF",
        },
        "ServiceToken": Object {
          "Fn::GetAtt": Array [
            "CustomS3AutoDeleteObjectsCustomResourceProviderHandler9D90184F",
            "Arn",
          ],
        },
      },
      "Type": "Custom::S3AutoDeleteObjects",
      "UpdateReplacePolicy": "Delete",
    },
    "s3bucketPolicyF7E91061": Object {
      "Properties": Object {
        "Bucket": Object {
          "Ref": "s3bucket64CB25AF",
        },
        "PolicyDocument": Object {
          "Statement": Array [
            Object {
              "Action": Array [
                "s3:GetBucket*",
                "s3:List*",
                "s3:DeleteObject*",
              ],
              "Effect": "Allow",
              "Principal": Object {
                "AWS": Object {
                  "Fn::GetAtt": Array [
                    "CustomS3AutoDeleteObjectsCustomResourceProviderRole3B1BD092",
                    "Arn",
                  ],
                },
              },
              "Resource": Array [
                Object {
                  "Fn::GetAtt": Array [
                    "s3bucket64CB25AF",
                    "Arn",
                  ],
                },
                Object {
                  "Fn::Join": Array [
                    "",
                    Array [
                      Object {
                        "Fn::GetAtt": Array [
                          "s3bucket64CB25AF",
                          "Arn",
                        ],
                      },
                      "/*",
                    ],
                  ],
                },
              ],
            },
            Object {
              "Action": "s3:GetObject",
              "Effect": "Allow",
              "Principal": Object {
                "CanonicalUser": Object {
                  "Fn::GetAtt": Array [
                    "distributionoidB0389903",
                    "S3CanonicalUserId",
                  ],
                },
              },
              "Resource": Object {
                "Fn::Join": Array [
                  "",
                  Array [
                    Object {
                      "Fn::GetAtt": Array [
                        "s3bucket64CB25AF",
                        "Arn",
                      ],
                    },
                    "/*",
                  ],
                ],
              },
            },
          ],
          "Version": "2012-10-17",
        },
      },
      "Type": "AWS::S3::BucketPolicy",
    },
    "sendtoiotfunction6A3456AE": Object {
      "DependsOn": Array [
        "lambdaroleDFE21467",
      ],
      "Properties": Object {
        "Code": Object {
          "S3Bucket": Object {
            "Ref": "AssetParametersd2267eec9e49bc4050972c8ea1045293c1761e0c67a98e49b3514f9f92b9e9a9S3BucketEFE90A0B",
          },
          "S3Key": Object {
            "Fn::Join": Array [
              "",
              Array [
                Object {
                  "Fn::Select": Array [
                    0,
                    Object {
                      "Fn::Split": Array [
                        "||",
                        Object {
                          "Ref": "AssetParametersd2267eec9e49bc4050972c8ea1045293c1761e0c67a98e49b3514f9f92b9e9a9S3VersionKeyCD9C652C",
                        },
                      ],
                    },
                  ],
                },
                Object {
                  "Fn::Select": Array [
                    1,
                    Object {
                      "Fn::Split": Array [
                        "||",
                        Object {
                          "Ref": "AssetParametersd2267eec9e49bc4050972c8ea1045293c1761e0c67a98e49b3514f9f92b9e9a9S3VersionKeyCD9C652C",
                        },
                      ],
                    },
                  ],
                },
              ],
            ],
          },
        },
        "Environment": Object {
          "Variables": Object {
            "IOT_URL": Object {
              "Ref": "ioturl",
            },
          },
        },
        "Handler": "SendToIoT.handler",
        "Role": Object {
          "Fn::GetAtt": Array [
            "lambdaroleDFE21467",
            "Arn",
          ],
        },
        "Runtime": "nodejs14.x",
      },
      "Type": "AWS::Lambda::Function",
    },
    "sendtoiotfunctionLogRetention16024DEF": Object {
      "Properties": Object {
        "LogGroupName": Object {
          "Fn::Join": Array [
            "",
            Array [
              "/aws/lambda/",
              Object {
                "Ref": "sendtoiotfunction6A3456AE",
              },
            ],
          ],
        },
        "RetentionInDays": 7,
        "ServiceToken": Object {
          "Fn::GetAtt": Array [
            "LogRetentionaae0aa3c5b4d4f87b02d85b201efdd8aFD4BFC8A",
            "Arn",
          ],
        },
      },
      "Type": "Custom::LogRetention",
    },
    "websocketapi5DE51C20": Object {
      "Properties": Object {
        "Description": "Teams On-Air Websocket API that transfers data to AWS IoT",
        "Name": Object {
          "Fn::Join": Array [
            "",
            Array [
              "Teams-On-Air-",
              Object {
                "Ref": "branchname",
              },
            ],
          ],
        },
        "ProtocolType": "WEBSOCKET",
        "RouteSelectionExpression": "$request.body.action",
      },
      "Type": "AWS::ApiGatewayV2::Api",
    },
    "websocketapidomainname361FC0B5": Object {
      "Properties": Object {
        "DomainName": Object {
          "Ref": "dnsrecordapi1E3B17DD",
        },
        "DomainNameConfigurations": Array [
          Object {
            "CertificateArn": Object {
              "Ref": "domaincertificateA050E5BB",
            },
            "EndpointType": "REGIONAL",
          },
        ],
      },
      "Type": "AWS::ApiGatewayV2::DomainName",
    },
    "websocketapipingRouteAA58A76C": Object {
      "Properties": Object {
        "ApiId": Object {
          "Ref": "websocketapi5DE51C20",
        },
        "RouteKey": "ping",
        "Target": Object {
          "Fn::Join": Array [
            "",
            Array [
              "integrations/",
              Object {
                "Ref": "websocketapiupdatelightRouteWebSocketIntegration326d68bfa8abe8375e14bfa141b9de8e69056949",
              },
            ],
          ],
        },
      },
      "Type": "AWS::ApiGatewayV2::Route",
    },
    "websocketapipingRouteTestInfrastructureStackwebsocketapipingRouteD68267AFPermissionFD567567": Object {
      "Properties": Object {
        "Action": "lambda:InvokeFunction",
        "FunctionName": Object {
          "Fn::GetAtt": Array [
            "sendtoiotfunction6A3456AE",
            "Arn",
          ],
        },
        "Principal": "apigateway.amazonaws.com",
        "SourceArn": Object {
          "Fn::Join": Array [
            "",
            Array [
              "arn:",
              Object {
                "Ref": "AWS::Partition",
              },
              ":execute-api:",
              Object {
                "Ref": "AWS::Region",
              },
              ":",
              Object {
                "Ref": "AWS::AccountId",
              },
              ":",
              Object {
                "Ref": "websocketapi5DE51C20",
              },
              "/*/*ping",
            ],
          ],
        },
      },
      "Type": "AWS::Lambda::Permission",
    },
    "websocketapiprodstage4C8DBDAF": Object {
      "DependsOn": Array [
        "websocketapidomainname361FC0B5",
      ],
      "Properties": Object {
        "ApiId": Object {
          "Ref": "websocketapi5DE51C20",
        },
        "AutoDeploy": true,
        "StageName": "prod",
      },
      "Type": "AWS::ApiGatewayV2::Stage",
    },
    "websocketapiprodstageTestInfrastructureStackwebsocketapidomainnameundefined9DEB66DE": Object {
      "DependsOn": Array [
        "websocketapidomainname361FC0B5",
        "websocketapiprodstage4C8DBDAF",
      ],
      "Properties": Object {
        "ApiId": Object {
          "Ref": "websocketapi5DE51C20",
        },
        "DomainName": Object {
          "Ref": "dnsrecordapi1E3B17DD",
        },
        "Stage": "prod",
      },
      "Type": "AWS::ApiGatewayV2::ApiMapping",
    },
    "websocketapiupdatelightRoute29A2B02D": Object {
      "Properties": Object {
        "ApiId": Object {
          "Ref": "websocketapi5DE51C20",
        },
        "RouteKey": "update-light",
        "Target": Object {
          "Fn::Join": Array [
            "",
            Array [
              "integrations/",
              Object {
                "Ref": "websocketapiupdatelightRouteWebSocketIntegration326d68bfa8abe8375e14bfa141b9de8e69056949",
              },
            ],
          ],
        },
      },
      "Type": "AWS::ApiGatewayV2::Route",
    },
    "websocketapiupdatelightRouteTestInfrastructureStackwebsocketapiupdatelightRoute8CD27A2APermissionC27975A6": Object {
      "Properties": Object {
        "Action": "lambda:InvokeFunction",
        "FunctionName": Object {
          "Fn::GetAtt": Array [
            "sendtoiotfunction6A3456AE",
            "Arn",
          ],
        },
        "Principal": "apigateway.amazonaws.com",
        "SourceArn": Object {
          "Fn::Join": Array [
            "",
            Array [
              "arn:",
              Object {
                "Ref": "AWS::Partition",
              },
              ":execute-api:",
              Object {
                "Ref": "AWS::Region",
              },
              ":",
              Object {
                "Ref": "AWS::AccountId",
              },
              ":",
              Object {
                "Ref": "websocketapi5DE51C20",
              },
              "/*/*update-light",
            ],
          ],
        },
      },
      "Type": "AWS::Lambda::Permission",
    },
    "websocketapiupdatelightRouteWebSocketIntegration326d68bfa8abe8375e14bfa141b9de8e69056949": Object {
      "Properties": Object {
        "ApiId": Object {
          "Ref": "websocketapi5DE51C20",
        },
        "IntegrationType": "AWS_PROXY",
        "IntegrationUri": Object {
          "Fn::Join": Array [
            "",
            Array [
              "arn:",
              Object {
                "Ref": "AWS::Partition",
              },
              ":apigateway:",
              Object {
                "Ref": "AWS::Region",
              },
              ":lambda:path/2015-03-31/functions/",
              Object {
                "Fn::GetAtt": Array [
                  "sendtoiotfunction6A3456AE",
                  "Arn",
                ],
              },
              "/invocations",
            ],
          ],
        },
      },
      "Type": "AWS::ApiGatewayV2::Integration",
    },
  },
}
`;
